
> places@1.0.0 build
> next build

   ▲ Next.js 15.5.4
   - Environments: .env.local
   - Experiments (use with caution):
     · clientTraceMetadata

   Creating an optimized production build ...
[@sentry/nextjs] It appears you've configured a `sentry.server.config.ts` file. Please ensure to put this file's content into the `register()` function of a Next.js instrumentation file instead. To ensure correct functionality of the SDK, `Sentry.init` must be called inside of an instrumentation file. Learn more about setting up an instrumentation file in Next.js: https://nextjs.org/docs/app/building-your-application/optimizing/instrumentation. You can safely delete the `sentry.server.config.ts` file afterward.
[@sentry/nextjs] Could not find a Next.js instrumentation file. This indicates an incomplete configuration of the Sentry SDK. An instrumentation file is required for the Sentry SDK to be initialized on the server: https://docs.sentry.io/platforms/javascript/guides/nextjs/manual-setup/#create-initialization-config-files (you can suppress this warning by setting SENTRY_SUPPRESS_INSTRUMENTATION_FILE_WARNING=1 as environment variable)
warn  - It seems like you don't have a global error handler set up. It is recommended that you add a global-error.js file with Sentry instrumentation so that React rendering errors are reported to Sentry. Read more: https://docs.sentry.io/platforms/javascript/guides/nextjs/manual-setup/#react-render-errors-in-app-router (you can suppress this warning by setting SENTRY_SUPPRESS_GLOBAL_ERROR_HANDLER_FILE_WARNING=1 as environment variable)
[@sentry/nextjs] It appears you've configured a `sentry.edge.config.ts` file. Please ensure to put this file's content into the `register()` function of a Next.js instrumentation file instead. To ensure correct functionality of the SDK, `Sentry.init` must be called inside of an instrumentation file. Learn more about setting up an instrumentation file in Next.js: https://nextjs.org/docs/app/building-your-application/optimizing/instrumentation. You can safely delete the `sentry.edge.config.ts` file afterward.
[@sentry/nextjs] DEPRECATION WARNING: It is recommended renaming your `sentry.client.config.ts` file, or moving its content to `instrumentation-client.ts`. When using Turbopack `sentry.client.config.ts` will no longer work. Read more about the `instrumentation-client.ts` file: https://nextjs.org/docs/app/api-reference/file-conventions/instrumentation-client
 ✓ Compiled successfully in 15.2s
   Linting and checking validity of types ...
Failed to compile.

./next.config.ts:121:3
Type error: Expected 0-2 arguments, but got 3.

[0m [90m 119 |[39m   withNextIntl(nextConfig)[33m,[39m
 [90m 120 |[39m   sentryWebpackPluginOptions[33m,[39m
[31m[1m>[22m[39m[90m 121 |[39m   sentryOptions
 [90m     |[39m   [31m[1m^[22m[39m
 [90m 122 |[39m )[33m;[39m
 [90m 123 |[39m[0m
Next.js build worker exited with code: 1 and signal: null
